Project Information              c:\student\b2-43-140905508\week 02\prog2c.rpt

MAX+plus II Compiler Report File
Version 10.2 07/10/2002
Compiled: 08/13/2015 15:43:51

Copyright (C) 1988-2002 Altera Corporation
Any megafunction design, and related net list (encrypted or decrypted),
support information, device programming or simulation file, and any other
associated documentation or information provided by Altera or a partner
under Altera's Megafunction Partnership Program may be used only to
program PLD devices (but not masked PLD devices) from Altera.  Any other
use of such megafunction design, net list, support information, device
programming or simulation file, or any other related documentation or
information is prohibited for any other purpose, including, but not
limited to modification, reverse engineering, de-compiling, or use with
any other silicon devices, unless such use is explicitly licensed under
a separate agreement with Altera or a megafunction partner.  Title to
the intellectual property, including patents, copyrights, trademarks,
trade secrets, or maskworks, embodied in any such megafunction design,
net list, support information, device programming or simulation file, or
any other related documentation or information provided by Altera or a
megafunction partner, remains with Altera, the megafunction partner, or
their respective licensors.  No other licenses, including any licenses
needed under any third party's intellectual property, are provided herein.



***** Project compilation was successful




** DEVICE SUMMARY **

Chip/                     Input   Output   Bidir         Shareable
POF       Device          Pins    Pins     Pins     LCs  Expanders  % Utilized

prog2c    EPM7032LC44-6    3        2        0      2       0           6  %

User Pins:                 3        2        0  



Device-Specific Information:     c:\student\b2-43-140905508\week 02\prog2c.rpt
prog2c

***** Logic for device 'prog2c' compiled without errors.




Device: EPM7032LC44-6

Device Options:
    Turbo Bit                                    = ON
    Security Bit                                 = OFF

                                               
                                               
                                               
                                               
                                               
                       V  G  G  G  G  G        
              x  x  x  C  N  N  N  N  N  f  f  
              3  2  1  C  D  D  D  D  D  1  2  
            -----------------------------------_ 
          /   6  5  4  3  2  1 44 43 42 41 40   | 
RESERVED |  7                                39 | RESERVED 
RESERVED |  8                                38 | RESERVED 
RESERVED |  9                                37 | RESERVED 
     GND | 10                                36 | RESERVED 
RESERVED | 11                                35 | VCC 
RESERVED | 12         EPM7032LC44-6          34 | RESERVED 
RESERVED | 13                                33 | RESERVED 
RESERVED | 14                                32 | RESERVED 
     VCC | 15                                31 | RESERVED 
RESERVED | 16                                30 | GND 
RESERVED | 17                                29 | RESERVED 
         |_  18 19 20 21 22 23 24 25 26 27 28  _| 
           ------------------------------------ 
              R  R  R  R  G  V  R  R  R  R  R  
              E  E  E  E  N  C  E  E  E  E  E  
              S  S  S  S  D  C  S  S  S  S  S  
              E  E  E  E        E  E  E  E  E  
              R  R  R  R        R  R  R  R  R  
              V  V  V  V        V  V  V  V  V  
              E  E  E  E        E  E  E  E  E  
              D  D  D  D        D  D  D  D  D  


N.C. = No Connect. This pin has no internal connection to the device.
VCC = Dedicated power pin, which MUST be connected to VCC.
GND = Dedicated ground pin or unused dedicated input, which MUST be connected to GND.
RESERVED = Unused I/O pin, which MUST be left unconnected.



Device-Specific Information:     c:\student\b2-43-140905508\week 02\prog2c.rpt
prog2c

** RESOURCE USAGE **

                                                Shareable     External
Logic Array Block     Logic Cells   I/O Pins    Expanders   Interconnect

A:     LC1 - LC16     0/16(  0%)   3/16( 18%)   0/16(  0%)   0/36(  0%) 
B:    LC17 - LC32     2/16( 12%)   2/16( 12%)   0/16(  0%)   3/36(  8%) 


Total dedicated input pins used:                 0/4      (  0%)
Total I/O pins used:                             5/32     ( 15%)
Total logic cells used:                          2/32     (  6%)
Total shareable expanders used:                  0/32     (  0%)
Total Turbo logic cells used:                    2/32     (  6%)
Total shareable expanders not available (n/a):   0/32     (  0%)
Average fan-in:                                  3.00
Total fan-in:                                     6

Total input pins required:                       3
Total output pins required:                      2
Total bidirectional pins required:               0
Total logic cells required:                      2
Total flipflops required:                        0
Total product terms required:                    4
Total logic cells lending parallel expanders:    0
Total shareable expanders in database:           0

Synthesized logic cells:                         0/  32   (  0%)



Device-Specific Information:     c:\student\b2-43-140905508\week 02\prog2c.rpt
prog2c

** INPUTS **

                                         Shareable
                                         Expanders     Fan-In    Fan-Out
 Pin     LC  LAB  Primitive    Code   Total Shared n/a INP  FBK  OUT  FBK  Name
   4    (1)  (A)      INPUT               0      0   0    0    0    2    0  x1
   5    (2)  (A)      INPUT               0      0   0    0    0    2    0  x2
   6    (3)  (A)      INPUT               0      0   0    0    0    2    0  x3


Code:

s = Synthesized pin or logic cell
t = Turbo logic cell
+ = Synchronous flipflop
! = NOT gate push-back
r = Fitter-inserted logic cell


Device-Specific Information:     c:\student\b2-43-140905508\week 02\prog2c.rpt
prog2c

** OUTPUTS **

                                         Shareable
                                         Expanders     Fan-In    Fan-Out
 Pin     LC  LAB  Primitive    Code   Total Shared n/a INP  FBK  OUT  FBK  Name
  41     17    B     OUTPUT      t        0      0   0    3    0    0    0  f1
  40     18    B     OUTPUT      t        0      0   0    3    0    0    0  f2


Code:

s = Synthesized pin or logic cell
t = Turbo logic cell
+ = Synchronous flipflop
! = NOT gate push-back
r = Fitter-inserted logic cell


Device-Specific Information:     c:\student\b2-43-140905508\week 02\prog2c.rpt
prog2c

** LOGIC CELL INTERCONNECTIONS **

Logic Array Block 'B':

             Logic cells placed in LAB 'B'
        +--- LC17 f1
        | +- LC18 f2
        | | 
        | |   Other LABs fed by signals
        | |   that feed LAB 'B'
LC      | | | A B |     Logic cells that feed LAB 'B':

Pin
4    -> * * | - * | <-- x1
5    -> * * | - * | <-- x2
6    -> * * | - * | <-- x3


* = The logic cell or pin is an input to the logic cell (or LAB) through the PIA.
- = The logic cell or pin is not an input to the logic cell (or LAB).


Device-Specific Information:     c:\student\b2-43-140905508\week 02\prog2c.rpt
prog2c

** EQUATIONS **

x1       : INPUT;
x2       : INPUT;
x3       : INPUT;

-- Node name is 'f1' 
-- Equation name is 'f1', location is LC017, type is output.
 f1      = LCELL( _EQ001 $  VCC);
  _EQ001 =  x1 &  x3
         # !x1 & !x2;

-- Node name is 'f2' 
-- Equation name is 'f2', location is LC018, type is output.
 f2      = LCELL( _EQ002 $  GND);
  _EQ002 =  x1 & !x3
         # !x1 &  x2;



--     Shareable expanders that are duplicated in multiple LABs:
--     (none)




Project Information              c:\student\b2-43-140905508\week 02\prog2c.rpt

** COMPILATION SETTINGS & TIMES **

Processing Menu Commands
------------------------

Design Doctor                             = off

Logic Synthesis:

   Synthesis Type Used                    = Standard

   Default Synthesis Style                = NORMAL

      Logic option settings in 'NORMAL' style for 'MAX7000' family

      DECOMPOSE_GATES                     = on
      DUPLICATE_LOGIC_EXTRACTION          = on
      MINIMIZATION                        = full
      MULTI_LEVEL_FACTORING               = on
      NOT_GATE_PUSH_BACK                  = on
      PARALLEL_EXPANDERS                  = off
      REDUCE_LOGIC                        = on
      REFACTORIZATION                     = on
      REGISTER_OPTIMIZATION               = on
      RESYNTHESIZE_NETWORK                = on
      SLOW_SLEW_RATE                      = off
      SOFT_BUFFER_INSERTION               = on
      SUBFACTOR_EXTRACTION                = on
      TURBO_BIT                           = on
      XOR_SYNTHESIS                       = on
      IGNORE_SOFT_BUFFERS                 = off
      USE_LPM_FOR_AHDL_OPERATORS          = off

   Other logic synthesis settings:

      Automatic Global Clock              = on
      Automatic Global Clear              = on
      Automatic Global Preset             = on
      Automatic Global Output Enable      = on
      Automatic Fast I/O                  = off
      Automatic Register Packing          = off
      Automatic Open-Drain Pins           = on
      Automatic Implement in EAB          = off
      One-Hot State Machine Encoding      = off
      Optimize                            = 5

Default Timing Specifications: None

Cut All Bidir Feedback Timing Paths       = on
Cut All Clear & Preset Timing Paths       = on

Ignore Timing Assignments                 = on

Functional SNF Extractor                  = off

Linked SNF Extractor                      = off
Timing SNF Extractor                      = on
Optimize Timing SNF                       = off
Generate AHDL TDO File                    = off
Fitter Settings                           = NORMAL
Smart Recompile                           = off
Total Recompile                           = off

Interfaces Menu Commands
------------------------

EDIF Netlist Writer                       = off
Verilog Netlist Writer                    = off
VHDL Netlist Writer                       = off

Compilation Times
-----------------

   Compiler Netlist Extractor             00:00:00
   Database Builder                       00:00:00
   Logic Synthesizer                      00:00:00
   Partitioner                            00:00:00
   Fitter                                 00:00:00
   Timing SNF Extractor                   00:00:00
   Assembler                              00:00:00
   --------------------------             --------
   Total Time                             00:00:00


Memory Allocated
-----------------

Peak memory allocated during compilation  = 3,378K
