Project Information               c:\student\b2-43-140905508\week 05\prog5.rpt

MAX+plus II Compiler Report File
Version 10.2 07/10/2002
Compiled: 09/03/2015 15:51:18

Copyright (C) 1988-2002 Altera Corporation
Any megafunction design, and related net list (encrypted or decrypted),
support information, device programming or simulation file, and any other
associated documentation or information provided by Altera or a partner
under Altera's Megafunction Partnership Program may be used only to
program PLD devices (but not masked PLD devices) from Altera.  Any other
use of such megafunction design, net list, support information, device
programming or simulation file, or any other related documentation or
information is prohibited for any other purpose, including, but not
limited to modification, reverse engineering, de-compiling, or use with
any other silicon devices, unless such use is explicitly licensed under
a separate agreement with Altera or a megafunction partner.  Title to
the intellectual property, including patents, copyrights, trademarks,
trade secrets, or maskworks, embodied in any such megafunction design,
net list, support information, device programming or simulation file, or
any other related documentation or information provided by Altera or a
megafunction partner, remains with Altera, the megafunction partner, or
their respective licensors.  No other licenses, including any licenses
needed under any third party's intellectual property, are provided herein.



***** Project compilation was successful




** DEVICE SUMMARY **

Chip/                     Input   Output   Bidir         Shareable
POF       Device          Pins    Pins     Pins     LCs  Expanders  % Utilized

prog5     EPM7032LC44-6    9        5        0      27      6           84 %

User Pins:                 9        5        0  



Project Information               c:\student\b2-43-140905508\week 05\prog5.rpt

** FILE HIERARCHY **



|fourbitadder:f1|
|fourbitadder:f1|fulladd:f1|
|fourbitadder:f1|fulladd:f2|
|fourbitadder:f1|fulladd:f3|
|fourbitadder:f1|fulladd:f4|
|fourbitadder:f2|
|fourbitadder:f2|fulladd:f1|
|fourbitadder:f2|fulladd:f2|
|fourbitadder:f2|fulladd:f3|
|fourbitadder:f2|fulladd:f4|


Device-Specific Information:      c:\student\b2-43-140905508\week 05\prog5.rpt
prog5

***** Logic for device 'prog5' compiled without errors.




Device: EPM7032LC44-6

Device Options:
    Turbo Bit                                    = ON
    Security Bit                                 = OFF

                                         R  R  
                                         E  E  
                                         S  S  
                                         E  E  
                                         R  R  
                       V  G  G  G  G  G  V  V  
              a  a  a  C  N  N  N  N  N  E  E  
              2  1  0  C  D  D  D  D  D  D  D  
            -----------------------------------_ 
          /   6  5  4  3  2  1 44 43 42 41 40   | 
      a3 |  7                                39 | RESERVED 
      b0 |  8                                38 | RESERVED 
      b1 |  9                                37 | RESERVED 
     GND | 10                                36 | RESERVED 
      b2 | 11                                35 | VCC 
     cin | 12         EPM7032LC44-6          34 | RESERVED 
      b3 | 13                                33 | RESERVED 
      r0 | 14                                32 | RESERVED 
     VCC | 15                                31 | RESERVED 
      r1 | 16                                30 | GND 
      r2 | 17                                29 | RESERVED 
         |_  18 19 20 21 22 23 24 25 26 27 28  _| 
           ------------------------------------ 
              r  c  R  R  G  V  R  R  R  R  R  
              3  x  E  E  N  C  E  E  E  E  E  
                    S  S  D  C  S  S  S  S  S  
                    E  E        E  E  E  E  E  
                    R  R        R  R  R  R  R  
                    V  V        V  V  V  V  V  
                    E  E        E  E  E  E  E  
                    D  D        D  D  D  D  D  


N.C. = No Connect. This pin has no internal connection to the device.
VCC = Dedicated power pin, which MUST be connected to VCC.
GND = Dedicated ground pin or unused dedicated input, which MUST be connected to GND.
RESERVED = Unused I/O pin, which MUST be left unconnected.



Device-Specific Information:      c:\student\b2-43-140905508\week 05\prog5.rpt
prog5

** RESOURCE USAGE **

                                                Shareable     External
Logic Array Block     Logic Cells   I/O Pins    Expanders   Interconnect

A:     LC1 - LC16    11/16( 68%)  14/16( 87%)   7/16( 43%)  20/36( 55%) 
B:    LC17 - LC32    16/16(100%)   0/16(  0%)  16/16(100%)  19/36( 52%) 


Total dedicated input pins used:                 0/4      (  0%)
Total I/O pins used:                            14/32     ( 43%)
Total logic cells used:                         27/32     ( 84%)
Total shareable expanders used:                  6/32     ( 18%)
Total Turbo logic cells used:                   27/32     ( 84%)
Total shareable expanders not available (n/a):  17/32     ( 53%)
Average fan-in:                                  6.88
Total fan-in:                                   186

Total input pins required:                       9
Total output pins required:                      5
Total bidirectional pins required:               0
Total logic cells required:                     27
Total flipflops required:                        0
Total product terms required:                  115
Total logic cells lending parallel expanders:    0
Total shareable expanders in database:           6

Synthesized logic cells:                        22/  32   ( 68%)



Device-Specific Information:      c:\student\b2-43-140905508\week 05\prog5.rpt
prog5

** INPUTS **

                                         Shareable
                                         Expanders     Fan-In    Fan-Out
 Pin     LC  LAB  Primitive    Code   Total Shared n/a INP  FBK  OUT  FBK  Name
   4    (1)  (A)      INPUT               0      0   0    0    0    1   17  a0
   5    (2)  (A)      INPUT               0      0   0    0    0    0   17  a1
   6    (3)  (A)      INPUT               0      0   0    0    0    0   16  a2
   7    (4)  (A)      INPUT               0      0   0    0    0    0    8  a3
   8    (5)  (A)      INPUT               0      0   0    0    0    1   18  b0
   9    (6)  (A)      INPUT               0      0   0    0    0    0   18  b1
  11    (7)  (A)      INPUT               0      0   0    0    0    0   17  b2
  13    (9)  (A)      INPUT               0      0   0    0    0    0   13  b3
  12    (8)  (A)      INPUT               0      0   0    0    0    0   19  cin


Code:

s = Synthesized pin or logic cell
t = Turbo logic cell
+ = Synchronous flipflop
! = NOT gate push-back
r = Fitter-inserted logic cell


Device-Specific Information:      c:\student\b2-43-140905508\week 05\prog5.rpt
prog5

** OUTPUTS **

                                         Shareable
                                         Expanders     Fan-In    Fan-Out
 Pin     LC  LAB  Primitive    Code   Total Shared n/a INP  FBK  OUT  FBK  Name
  19     14    A     OUTPUT      t        0      0   0    0    6    0    0  cx
  14     10    A     OUTPUT      t        0      0   0    2    0    0    0  r0
  16     11    A     OUTPUT      t        0      0   0    0    6    0    0  r1
  17     12    A     OUTPUT      t        0      0   0    0    6    0    0  r2
  18     13    A     OUTPUT      t        0      0   0    0    6    0    0  r3


Code:

s = Synthesized pin or logic cell
t = Turbo logic cell
+ = Synchronous flipflop
! = NOT gate push-back
r = Fitter-inserted logic cell


Device-Specific Information:      c:\student\b2-43-140905508\week 05\prog5.rpt
prog5

** BURIED LOGIC **

                                         Shareable
                                         Expanders     Fan-In    Fan-Out
 Pin     LC  LAB  Primitive    Code   Total Shared n/a INP  FBK  OUT  FBK  Name
 (12)     8    A       SOFT    s t        0      0   0    1    1    4    0  |fourbitadder:f1|fulladd:f2|~7~1
 (21)    16    A       SOFT    s t        1      0   1    4    0    0    1  |fourbitadder:f1|fulladd:f2|~7~2
  (4)     1    A       SOFT    s t        0      0   0    1    3    4    0  |fourbitadder:f1|fulladd:f3|~7~1
 (29)    27    B       SOFT    s t        1      0   1    7    0    0    1  |fourbitadder:f1|fulladd:f3|~7~2
  (5)     2    A       SOFT    s t        1      0   1    6    0    0    1  |fourbitadder:f1|fulladd:f3|~7~3
  (6)     3    A       SOFT    s t        1      0   1    6    0    0    1  |fourbitadder:f1|fulladd:f3|~7~4
 (24)    32    B       SOFT    s t        3      0   0    7    8    4    0  |fourbitadder:f1|fulladd:f4|~7~1
 (26)    30    B       SOFT    s t        1      0   1    9    0    0    1  |fourbitadder:f1|fulladd:f4|~7~2
 (28)    28    B       SOFT    s t        1      0   1    9    0    0    1  |fourbitadder:f1|fulladd:f4|~7~3
 (31)    26    B       SOFT    s t        1      0   1    9    0    0    1  |fourbitadder:f1|fulladd:f4|~7~4
 (25)    31    B       SOFT    s t        1      0   1    9    0    0    1  |fourbitadder:f1|fulladd:f4|~7~5
 (27)    29    B       SOFT    s t        1      0   1    9    0    0    1  |fourbitadder:f1|fulladd:f4|~7~6
 (32)    25    B       SOFT    s t        1      0   1    8    0    0    1  |fourbitadder:f1|fulladd:f4|~7~7
 (41)    17    B       SOFT    s t        1      0   1    8    0    0    1  |fourbitadder:f1|fulladd:f4|~7~8
 (40)    18    B       SOFT    s t        1      0   1    8    0    0    2  |fourbitadder:f1|fulladd:f4|~7~9
 (39)    19    B       SOFT    s t        0      0   0    3    0    4    0  |fourbitadder:f1|fulladd:f4|~9~1
 (38)    20    B       SOFT    s t        0      0   0    1    3    4    0  |fourbitadder:f1|fulladd:f4|~10~1
 (37)    21    B       SOFT    s t        1      0   1    8    0    0    1  |fourbitadder:f1|fulladd:f4|~10~2
 (36)    22    B       SOFT    s t        1      0   1    8    0    0    1  |fourbitadder:f1|fulladd:f4|~10~3
  (7)     4    A       SOFT    s t        4      0   1    8    2    4    0  |fourbitadder:f1|fulladd:f4|~12~1
 (34)    23    B       SOFT    s t        1      0   1    7    0    0    1  |fourbitadder:f1|fulladd:f4|~12~2
 (33)    24    B       SOFT    s t        1      0   1    7    0    0    1  |fourbitadder:f1|fulladd:f4|~12~3


Code:

s = Synthesized pin or logic cell
t = Turbo logic cell
+ = Synchronous flipflop
! = NOT gate push-back
r = Fitter-inserted logic cell


Device-Specific Information:      c:\student\b2-43-140905508\week 05\prog5.rpt
prog5

** LOGIC CELL INTERCONNECTIONS **

Logic Array Block 'A':

                               Logic cells placed in LAB 'A'
        +--------------------- LC14 cx
        | +------------------- LC8 |fourbitadder:f1|fulladd:f2|~7~1
        | | +----------------- LC16 |fourbitadder:f1|fulladd:f2|~7~2
        | | | +--------------- LC1 |fourbitadder:f1|fulladd:f3|~7~1
        | | | | +------------- LC2 |fourbitadder:f1|fulladd:f3|~7~3
        | | | | | +----------- LC3 |fourbitadder:f1|fulladd:f3|~7~4
        | | | | | | +--------- LC4 |fourbitadder:f1|fulladd:f4|~12~1
        | | | | | | | +------- LC10 r0
        | | | | | | | | +----- LC11 r1
        | | | | | | | | | +--- LC12 r2
        | | | | | | | | | | +- LC13 r3
        | | | | | | | | | | | 
        | | | | | | | | | | |   Other LABs fed by signals
        | | | | | | | | | | |   that feed LAB 'A'
LC      | | | | | | | | | | | | A B |     Logic cells that feed LAB 'A':
LC8  -> * - - - - - - - * * * | * - | <-- |fourbitadder:f1|fulladd:f2|~7~1
LC16 -> - * - - - - - - - - - | * - | <-- |fourbitadder:f1|fulladd:f2|~7~2
LC1  -> * - - - - - - - * * * | * - | <-- |fourbitadder:f1|fulladd:f3|~7~1
LC2  -> - - - * - - - - - - - | * - | <-- |fourbitadder:f1|fulladd:f3|~7~3
LC3  -> - - - * - - - - - - - | * - | <-- |fourbitadder:f1|fulladd:f3|~7~4
LC4  -> * - - - - - - - * * * | * - | <-- |fourbitadder:f1|fulladd:f4|~12~1

Pin
4    -> - - * - * * * * - - - | * * | <-- a0
5    -> - * - - * * * - - - - | * * | <-- a1
6    -> - - - * - - * - - - - | * * | <-- a2
7    -> - - - - - - * - - - - | * * | <-- a3
8    -> - - * - * * * * - - - | * * | <-- b0
9    -> - - * - * * * - - - - | * * | <-- b1
11   -> - - - - * * * - - - - | * * | <-- b2
12   -> - - * - * * * - - - - | * * | <-- cin
LC27 -> - - - * - - - - - - - | * - | <-- |fourbitadder:f1|fulladd:f3|~7~2
LC32 -> * - - - - - - - * * * | * - | <-- |fourbitadder:f1|fulladd:f4|~7~1
LC19 -> * - - - - - - - * * * | * - | <-- |fourbitadder:f1|fulladd:f4|~9~1
LC20 -> * - - - - - - - * * * | * - | <-- |fourbitadder:f1|fulladd:f4|~10~1
LC23 -> - - - - - - * - - - - | * - | <-- |fourbitadder:f1|fulladd:f4|~12~2
LC24 -> - - - - - - * - - - - | * - | <-- |fourbitadder:f1|fulladd:f4|~12~3


* = The logic cell or pin is an input to the logic cell (or LAB) through the PIA.
- = The logic cell or pin is not an input to the logic cell (or LAB).


Device-Specific Information:      c:\student\b2-43-140905508\week 05\prog5.rpt
prog5

** LOGIC CELL INTERCONNECTIONS **

Logic Array Block 'B':

                                         Logic cells placed in LAB 'B'
        +------------------------------- LC27 |fourbitadder:f1|fulladd:f3|~7~2
        | +----------------------------- LC32 |fourbitadder:f1|fulladd:f4|~7~1
        | | +--------------------------- LC30 |fourbitadder:f1|fulladd:f4|~7~2
        | | | +------------------------- LC28 |fourbitadder:f1|fulladd:f4|~7~3
        | | | | +----------------------- LC26 |fourbitadder:f1|fulladd:f4|~7~4
        | | | | | +--------------------- LC31 |fourbitadder:f1|fulladd:f4|~7~5
        | | | | | | +------------------- LC29 |fourbitadder:f1|fulladd:f4|~7~6
        | | | | | | | +----------------- LC25 |fourbitadder:f1|fulladd:f4|~7~7
        | | | | | | | | +--------------- LC17 |fourbitadder:f1|fulladd:f4|~7~8
        | | | | | | | | | +------------- LC18 |fourbitadder:f1|fulladd:f4|~7~9
        | | | | | | | | | | +----------- LC19 |fourbitadder:f1|fulladd:f4|~9~1
        | | | | | | | | | | | +--------- LC20 |fourbitadder:f1|fulladd:f4|~10~1
        | | | | | | | | | | | | +------- LC21 |fourbitadder:f1|fulladd:f4|~10~2
        | | | | | | | | | | | | | +----- LC22 |fourbitadder:f1|fulladd:f4|~10~3
        | | | | | | | | | | | | | | +--- LC23 |fourbitadder:f1|fulladd:f4|~12~2
        | | | | | | | | | | | | | | | +- LC24 |fourbitadder:f1|fulladd:f4|~12~3
        | | | | | | | | | | | | | | | | 
        | | | | | | | | | | | | | | | |   Other LABs fed by signals
        | | | | | | | | | | | | | | | |   that feed LAB 'B'
LC      | | | | | | | | | | | | | | | | | A B |     Logic cells that feed LAB 'B':
LC30 -> - * - - - - - - - - - - - - - - | - * | <-- |fourbitadder:f1|fulladd:f4|~7~2
LC28 -> - * - - - - - - - - - - - - - - | - * | <-- |fourbitadder:f1|fulladd:f4|~7~3
LC26 -> - * - - - - - - - - - - - - - - | - * | <-- |fourbitadder:f1|fulladd:f4|~7~4
LC31 -> - * - - - - - - - - - - - - - - | - * | <-- |fourbitadder:f1|fulladd:f4|~7~5
LC29 -> - * - - - - - - - - - - - - - - | - * | <-- |fourbitadder:f1|fulladd:f4|~7~6
LC25 -> - * - - - - - - - - - - - - - - | - * | <-- |fourbitadder:f1|fulladd:f4|~7~7
LC17 -> - * - - - - - - - - - - - - - - | - * | <-- |fourbitadder:f1|fulladd:f4|~7~8
LC18 -> - * - - - - - - - - - * - - - - | - * | <-- |fourbitadder:f1|fulladd:f4|~7~9
LC21 -> - - - - - - - - - - - * - - - - | - * | <-- |fourbitadder:f1|fulladd:f4|~10~2
LC22 -> - - - - - - - - - - - * - - - - | - * | <-- |fourbitadder:f1|fulladd:f4|~10~3

Pin
4    -> * - * * * * * * * * - - * * * * | * * | <-- a0
5    -> * - * * * * * * * * - - * * * * | * * | <-- a1
6    -> * * * * * * * * * * - - * * * * | * * | <-- a2
7    -> - * * * * * * - - - * - - - - - | * * | <-- a3
8    -> * * * * * * * * * * - - * * * * | * * | <-- b0
9    -> * * * * * * * * * * - - * * * * | * * | <-- b1
11   -> * * * * * * * * * * - - * * * * | * * | <-- b2
13   -> - * * * * * * * * * * * * * - - | - * | <-- b3
12   -> * * * * * * * * * * * - * * * * | * * | <-- cin


* = The logic cell or pin is an input to the logic cell (or LAB) through the PIA.
- = The logic cell or pin is not an input to the logic cell (or LAB).


Device-Specific Information:      c:\student\b2-43-140905508\week 05\prog5.rpt
prog5

** EQUATIONS **

a0       : INPUT;
a1       : INPUT;
a2       : INPUT;
a3       : INPUT;
b0       : INPUT;
b1       : INPUT;
b2       : INPUT;
b3       : INPUT;
cin      : INPUT;

-- Node name is 'cx' 
-- Equation name is 'cx', location is LC014, type is output.
 cx      = LCELL( _EQ001 $  VCC);
  _EQ001 = !_LC001 & !_LC004 & !_LC008 & !_LC019 & !_LC020
         # !_LC004 & !_LC019 & !_LC020 & !_LC032;

-- Node name is 'r0' 
-- Equation name is 'r0', location is LC010, type is output.
 r0      = LCELL( b0 $  a0);

-- Node name is 'r1' 
-- Equation name is 'r1', location is LC011, type is output.
 r1      = LCELL( _EQ002 $ !_LC008);
  _EQ002 = !_LC001 & !_LC004 & !_LC008 & !_LC019 & !_LC020 &  _LC032
         # !_LC004 & !_LC019 & !_LC020 & !_LC032;

-- Node name is 'r2' 
-- Equation name is 'r2', location is LC012, type is output.
 r2      = LCELL( _EQ003 $ !_LC001);
  _EQ003 =  _LC001 & !_LC004 & !_LC019 & !_LC020 & !_LC032
         # !_LC001 & !_LC004 & !_LC019 & !_LC020
         #  _LC008;

-- Node name is 'r3' 
-- Equation name is 'r3', location is LC013, type is output.
 r3      = LCELL( _EQ004 $ !_LC032);
  _EQ004 = !_LC004 & !_LC019 & !_LC020 & !_LC032
         # !_LC001 & !_LC008;

-- Node name is '|fourbitadder:f1|fulladd:f2|~7~1' 
-- Equation name is '_LC008', type is buried 
-- synthesized logic cell 
_LC008   = LCELL(!_LC016 $ !a1);

-- Node name is '|fourbitadder:f1|fulladd:f2|~7~2' 
-- Equation name is '_LC016', type is buried 
-- synthesized logic cell 
_LC016   = LCELL( _EQ005 $  GND);
  _EQ005 = !a0 &  b0 & !b1 &  cin
         #  a0 &  b0 & !b1 & !cin
         #  a0 &  b1 &  cin
         # !a0 &  b1 & !cin
         # !b0 &  b1;

-- Node name is '|fourbitadder:f1|fulladd:f3|~7~1' 
-- Equation name is '_LC001', type is buried 
-- synthesized logic cell 
_LC001   = LCELL( _EQ006 $ !a2);
  _EQ006 = !_LC002 & !_LC003 & !_LC027;

-- Node name is '|fourbitadder:f1|fulladd:f3|~7~2' 
-- Equation name is '_LC027', type is buried 
-- synthesized logic cell 
_LC027   = LCELL( _EQ007 $  GND);
  _EQ007 = !a0 &  a2 &  b0 &  b1 & !b2 &  cin
         #  a0 &  a2 &  b0 &  b1 & !b2 & !cin
         #  a0 & !a1 & !a2 &  b0 &  b1 & !b2
         # !a0 &  a1 & !a2 &  b0 &  b1 & !b2
         #  a0 &  a1 &  b0 & !b2 & !cin;

-- Node name is '|fourbitadder:f1|fulladd:f3|~7~3' 
-- Equation name is '_LC002', type is buried 
-- synthesized logic cell 
_LC002   = LCELL( _EQ008 $  GND);
  _EQ008 = !a0 & !a1 &  b0 & !b2 &  cin
         #  a0 &  a1 &  b2 &  cin
         #  a1 & !b0 &  b2 &  cin
         # !a0 &  a1 & !b1 &  b2
         #  a0 & !a1 & !b1 &  b2;

-- Node name is '|fourbitadder:f1|fulladd:f3|~7~4' 
-- Equation name is '_LC003', type is buried 
-- synthesized logic cell 
_LC003   = LCELL( _EQ009 $  GND);
  _EQ009 = !a1 &  b1 & !b2 &  cin
         #  a1 &  b1 & !b2 & !cin
         # !a1 & !b0 &  b2 & !cin
         # !a0 & !a1 &  b2 & !cin
         # !b0 & !b1 &  b2;

-- Node name is '|fourbitadder:f1|fulladd:f4|~7~1' 
-- Equation name is '_LC032', type is buried 
-- synthesized logic cell 
_LC032   = LCELL( _EQ010 $ !a3);
  _EQ010 = !_LC017 & !_LC018 & !_LC025 & !_LC026 & !_LC028 & !_LC029 & 
             !_LC030 & !_LC031 &  _X001 &  _X002 &  _X003;
  _X001  = EXP(!b0 & !b1 & !b2 &  b3);
  _X002  = EXP(!a2 & !b2 &  b3 & !cin);
  _X003  = EXP( a2 &  b2 & !b3 & !cin);

-- Node name is '|fourbitadder:f1|fulladd:f4|~7~2' 
-- Equation name is '_LC030', type is buried 
-- synthesized logic cell 
_LC030   = LCELL( _EQ011 $  GND);
  _EQ011 = !a0 &  a3 &  b0 &  b1 &  b2 & !b3 &  cin
         #  a0 &  a1 & !a2 &  a3 &  b0 &  b2 & !b3
         #  a0 & !a2 &  a3 &  b0 &  b1 &  b2 & !b3
         #  a0 & !a1 & !a3 &  b0 &  b1 &  b2 & !b3
         #  a0 &  a1 & !a3 &  b0 &  b2 & !b3 & !cin;

-- Node name is '|fourbitadder:f1|fulladd:f4|~7~3' 
-- Equation name is '_LC028', type is buried 
-- synthesized logic cell 
_LC028   = LCELL( _EQ012 $  GND);
  _EQ012 = !a0 &  a1 & !a3 &  b0 &  b1 &  b2 & !b3
         #  a0 &  a2 &  b0 &  b1 & !b3 & !cin
         #  a0 &  a1 &  a2 &  b0 & !b3 & !cin
         #  a1 &  a3 & !b1 & !b2 &  b3 &  cin
         #  a0 &  a3 & !b1 & !b2 &  b3 &  cin;

-- Node name is '|fourbitadder:f1|fulladd:f4|~7~4' 
-- Equation name is '_LC026', type is buried 
-- synthesized logic cell 
_LC026   = LCELL( _EQ013 $  GND);
  _EQ013 =  a1 & !a2 &  a3 &  b1 &  b2 & !b3
         #  a1 & !a3 &  b1 &  b2 & !b3 & !cin
         # !a0 &  a2 &  a3 & !b1 & !b2 &  b3
         # !a1 &  a2 &  a3 & !b1 & !b2 &  b3
         # !a1 &  a2 &  a3 & !b0 & !b2 &  b3;

-- Node name is '|fourbitadder:f1|fulladd:f4|~7~5' 
-- Equation name is '_LC031', type is buried 
-- synthesized logic cell 
_LC031   = LCELL( _EQ014 $  GND);
  _EQ014 = !a0 & !a1 &  a2 &  a3 & !b2 &  b3
         # !a0 &  a1 & !a3 & !b1 & !b2 &  b3
         #  a0 & !a1 & !a3 & !b1 & !b2 &  b3
         # !a0 & !a1 & !a2 &  b0 & !b3 &  cin
         # !a1 & !a3 & !b0 & !b2 &  b3 & !cin;

-- Node name is '|fourbitadder:f1|fulladd:f4|~7~6' 
-- Equation name is '_LC029', type is buried 
-- synthesized logic cell 
_LC029   = LCELL( _EQ015 $  GND);
  _EQ015 = !a0 & !a1 & !a3 & !b2 &  b3 & !cin
         #  a0 &  a1 &  a2 &  b3 &  cin
         #  a1 &  a2 & !b1 &  b3 &  cin
         #  a1 &  a2 & !b0 &  b3 &  cin
         #  a0 &  a2 & !b1 &  b3 &  cin;

-- Node name is '|fourbitadder:f1|fulladd:f4|~7~7' 
-- Equation name is '_LC025', type is buried 
-- synthesized logic cell 
_LC025   = LCELL( _EQ016 $  GND);
  _EQ016 =  a0 &  a1 & !b2 &  b3 &  cin
         #  a1 & !b0 & !b2 &  b3 &  cin
         #  a2 & !b0 & !b1 &  b3 &  cin
         #  a1 &  a2 &  b1 & !b3 & !cin
         # !a0 & !a2 & !b1 &  b3 & !cin;

-- Node name is '|fourbitadder:f1|fulladd:f4|~7~8' 
-- Equation name is '_LC017', type is buried 
-- synthesized logic cell 
_LC017   = LCELL( _EQ017 $  GND);
  _EQ017 = !a1 & !a2 & !b1 &  b3 & !cin
         # !a1 & !a2 & !b0 &  b3 & !cin
         # !a0 & !a1 & !a2 &  b3 & !cin
         # !a2 & !b0 & !b1 &  b3 & !cin
         #  a2 & !b2 &  b3 &  cin;

-- Node name is '|fourbitadder:f1|fulladd:f4|~7~9' 
-- Equation name is '_LC018', type is buried 
-- synthesized logic cell 
_LC018   = LCELL( _EQ018 $  GND);
  _EQ018 = !a0 & !a1 &  b0 &  b2 & !b3 &  cin
         # !a0 & !a2 &  b0 &  b1 & !b3 &  cin
         # !a1 &  b1 &  b2 & !b3 &  cin
         # !a1 & !a2 &  b1 & !b3 &  cin
         # !a2 &  b2 & !b3 &  cin;

-- Node name is '|fourbitadder:f1|fulladd:f4|~9~1' 
-- Equation name is '_LC019', type is buried 
-- synthesized logic cell 
_LC019   = LCELL( _EQ019 $  GND);
  _EQ019 =  a3 &  b3 & !cin
         #  a3 & !b3 &  cin;

-- Node name is '|fourbitadder:f1|fulladd:f4|~10~1' 
-- Equation name is '_LC020', type is buried 
-- synthesized logic cell 
_LC020   = LCELL( _EQ020 $  b3);
  _EQ020 = !_LC018 & !_LC021 & !_LC022;

-- Node name is '|fourbitadder:f1|fulladd:f4|~10~2' 
-- Equation name is '_LC021', type is buried 
-- synthesized logic cell 
_LC021   = LCELL( _EQ021 $  GND);
  _EQ021 =  a0 &  a1 &  a2 &  b0 &  b3 & !cin
         #  a0 &  a2 &  b0 &  b1 &  b3 & !cin
         #  a0 &  a1 &  b0 &  b2 &  b3 & !cin
         #  a0 &  b0 &  b1 &  b2 &  b3 & !cin
         # !a0 &  b0 &  b1 &  b2 & !b3 &  cin;

-- Node name is '|fourbitadder:f1|fulladd:f4|~10~3' 
-- Equation name is '_LC022', type is buried 
-- synthesized logic cell 
_LC022   = LCELL( _EQ022 $  GND);
  _EQ022 =  a1 &  a2 &  b1 &  b3 & !cin
         #  a1 &  b1 &  b2 &  b3 & !cin
         # !a0 & !a1 & !a2 &  b0 & !b3
         #  a2 &  b2 &  b3 & !cin
         # !b3 & !cin;

-- Node name is '|fourbitadder:f1|fulladd:f4|~12~1' 
-- Equation name is '_LC004', type is buried 
-- synthesized logic cell 
_LC004   = LCELL( _EQ023 $  _EQ024);
  _EQ023 = !a0 &  a3 &  b0 &  b1 &  b2 &  cin & !_LC023 & !_LC024 &  _X004 & 
              _X005 &  _X006
         # !a0 & !a2 &  a3 &  b0 &  b1 &  cin & !_LC023 & !_LC024 &  _X004 & 
              _X005 &  _X006
         # !a0 & !a1 &  a3 &  b0 &  b2 &  cin & !_LC023 & !_LC024 &  _X004 & 
              _X005 &  _X006
         # !a1 &  a3 &  b1 &  b2 &  cin & !_LC023 & !_LC024 &  _X004 &  _X005 & 
              _X006;
  _X004  = EXP(!a0 & !a1 & !b2 & !cin);
  _X005  = EXP(!a2 & !b2 & !cin);
  _X006  = EXP(!a2 &  b2 &  cin);
  _EQ024 =  a3 & !_LC023 & !_LC024 &  _X004 &  _X005 &  _X006;
  _X004  = EXP(!a0 & !a1 & !b2 & !cin);
  _X005  = EXP(!a2 & !b2 & !cin);
  _X006  = EXP(!a2 &  b2 &  cin);

-- Node name is '|fourbitadder:f1|fulladd:f4|~12~2' 
-- Equation name is '_LC023', type is buried 
-- synthesized logic cell 
_LC023   = LCELL( _EQ025 $  GND);
  _EQ025 = !a1 & !a2 &  b1 &  cin
         # !a2 & !b0 & !b1 &  b2
         # !a0 & !a2 & !b1 &  b2
         # !a1 & !a2 & !b1 &  b2
         # !a1 & !a2 & !b0 &  b2;

-- Node name is '|fourbitadder:f1|fulladd:f4|~12~3' 
-- Equation name is '_LC024', type is buried 
-- synthesized logic cell 
_LC024   = LCELL( _EQ026 $  GND);
  _EQ026 = !a0 & !a1 & !a2 &  b0
         # !b0 & !b1 & !b2 & !cin
         # !a0 & !b1 & !b2 & !cin
         # !a1 & !b1 & !b2 & !cin
         # !a1 & !b0 & !b2 & !cin;



--     Shareable expanders that are duplicated in multiple LABs:
--     (none)




Project Information               c:\student\b2-43-140905508\week 05\prog5.rpt

** COMPILATION SETTINGS & TIMES **

Processing Menu Commands
------------------------

Design Doctor                             = off

Logic Synthesis:

   Synthesis Type Used                    = Standard

   Default Synthesis Style                = NORMAL

      Logic option settings in 'NORMAL' style for 'MAX7000' family

      DECOMPOSE_GATES                     = on
      DUPLICATE_LOGIC_EXTRACTION          = on
      MINIMIZATION                        = full
      MULTI_LEVEL_FACTORING               = on
      NOT_GATE_PUSH_BACK                  = on
      PARALLEL_EXPANDERS                  = off
      REDUCE_LOGIC                        = on
      REFACTORIZATION                     = on
      REGISTER_OPTIMIZATION               = on
      RESYNTHESIZE_NETWORK                = on
      SLOW_SLEW_RATE                      = off
      SOFT_BUFFER_INSERTION               = on
      SUBFACTOR_EXTRACTION                = on
      TURBO_BIT                           = on
      XOR_SYNTHESIS                       = on
      IGNORE_SOFT_BUFFERS                 = off
      USE_LPM_FOR_AHDL_OPERATORS          = off

   Other logic synthesis settings:

      Automatic Global Clock              = on
      Automatic Global Clear              = on
      Automatic Global Preset             = on
      Automatic Global Output Enable      = on
      Automatic Fast I/O                  = off
      Automatic Register Packing          = off
      Automatic Open-Drain Pins           = on
      Automatic Implement in EAB          = off
      One-Hot State Machine Encoding      = off
      Optimize                            = 5

Default Timing Specifications: None

Cut All Bidir Feedback Timing Paths       = on
Cut All Clear & Preset Timing Paths       = on

Ignore Timing Assignments                 = on

Functional SNF Extractor                  = off

Linked SNF Extractor                      = off
Timing SNF Extractor                      = on
Optimize Timing SNF                       = off
Generate AHDL TDO File                    = off
Fitter Settings                           = NORMAL
Smart Recompile                           = off
Total Recompile                           = off

Interfaces Menu Commands
------------------------

EDIF Netlist Writer                       = off
Verilog Netlist Writer                    = off
VHDL Netlist Writer                       = off

Compilation Times
-----------------

   Compiler Netlist Extractor             00:00:00
   Database Builder                       00:00:00
   Logic Synthesizer                      00:00:00
   Partitioner                            00:00:00
   Fitter                                 00:00:00
   Timing SNF Extractor                   00:00:00
   Assembler                              00:00:00
   --------------------------             --------
   Total Time                             00:00:00


Memory Allocated
-----------------

Peak memory allocated during compilation  = 4,598K
